abc123.dict
cn/cmudict.dict
cn/fulldict.dict
cn/keywords
cn/ptm/feat.params
cn/ptm/mdef
cn/ptm/means
cn/ptm/mixture_weights
cn/ptm/noisedict
cn/ptm/sendump
cn/ptm/transition_matrices
cn/ptm/variances
digits.gram
en-phone.dmp
en/cmudict.dict
en/keywords
en/ptm/README
en/ptm/feat.params
en/ptm/mdef
en/ptm/means
en/ptm/noisedict
en/ptm/sendump
en/ptm/transition_matrices
en/ptm/variances
en/testgram.gram
es/cmudict.dict
es/full.dict
es/keywords
es/ptm/feat.params
es/ptm/mdef
es/ptm/means
es/ptm/mixture_weights
es/ptm/noisedict
es/ptm/sendump
es/ptm/transition_matrices
es/ptm/variances
fr/cmudict.dict
fr/full.dict
fr/keywords
fr/ptm/README
fr/ptm/feat.params
fr/ptm/mdef
fr/ptm/means
fr/ptm/mixture_weights
fr/ptm/noisedict
fr/ptm/sendump
fr/ptm/transition_matrices
fr/ptm/variances
ja/cmudict.dict
ja/fulldict.dict
ja/keywords
ja/ptm/README
ja/ptm/feat.params
ja/ptm/mdef
ja/ptm/means
ja/ptm/noisedict
ja/ptm/sendump
ja/ptm/transition_matrices
ja/ptm/variances
menu.gram
weather.dmp